// Jest Snapshot v1, https://goo.gl/fbAQLP

exports[`RemoveWallet component renders component correctly 1`] = `
<div>
  <div
    class="remove-button-wrapper"
    data-testid="remove-button-wrapper"
  >
    <div
      class="delete_svg"
    >
      <svg
        height="12"
        viewBox="0 0 24 24"
        width="12"
        x="0px"
        xmlns="http://www.w3.org/2000/svg"
        y="0px"
      >
        <path
          d="M 4.7070312 3.2929688 L 3.2929688 4.7070312 L 10.585938 12 L 3.2929688 19.292969 L 4.7070312 20.707031 L 12 13.414062 L 19.292969 20.707031 L 20.707031 19.292969 L 13.414062 12 L 20.707031 4.7070312 L 19.292969 3.2929688 L 12 10.585938 L 4.7070312 3.2929688 z"
        />
      </svg>
    </div>
  </div>
</div>
`;
