// Jest Snapshot v1, https://goo.gl/fbAQLP

exports[`ColsFilter renders correctly 1`] = `ShallowWrapper {}`;
